********************** NUSMV GAME GRID CONTROLLER SYNTHESIS ***********************


Number of line N: 49
Number of column M: 52
Goal of the grid: (47, 49)


Grid value 0: grid cell without obstacle (traversable cell).
Grid value 1: grid cell with obstacle.
Grid value 2: controlled grid cell.
Grid value G: goal cell.


Game grid: 

0 1 0 1 1 0 0 0 1 1 0 1 0 1 0 1 0 0 1 0 0 0 0 1 0 1 1 1 0 0 0 1 1 0 1 0 1 1 1 1 1 1 0 0 0 0 1 0 1 1 0 0 
0 1 1 0 0 0 1 0 1 0 0 1 1 1 0 0 1 1 0 0 0 1 0 0 0 1 1 0 0 1 1 0 0 0 1 0 0 0 0 0 0 0 0 0 1 1 0 1 1 0 0 0 
1 1 1 1 0 1 0 1 1 1 0 0 1 0 0 1 0 0 0 1 0 0 0 0 1 1 1 1 0 0 1 0 1 1 0 1 0 0 0 0 1 0 0 1 1 1 0 1 0 0 0 0 
0 0 0 1 1 1 1 1 0 0 0 1 0 1 1 0 0 1 1 1 0 0 1 0 0 1 1 0 0 0 1 1 1 0 0 0 1 1 1 0 1 0 0 0 0 0 1 1 1 0 1 1 
0 1 1 1 1 0 1 1 0 0 0 0 0 0 1 0 0 0 1 0 0 0 1 1 0 0 1 1 0 0 1 1 1 0 1 0 1 1 1 0 0 0 0 0 1 1 0 0 0 0 0 0 
0 1 0 0 1 1 0 0 0 0 1 1 0 0 0 1 0 0 0 0 0 0 0 0 0 0 1 1 0 0 0 0 0 0 0 1 1 0 1 0 1 1 1 0 1 0 0 1 1 0 0 0 
0 0 0 1 0 1 0 0 1 1 0 1 1 1 1 0 0 0 1 1 0 1 0 1 1 0 1 0 0 0 1 1 0 1 1 0 0 1 0 1 1 1 0 1 0 1 1 0 1 0 1 0 
0 1 1 1 0 0 1 1 1 0 1 0 0 1 0 1 1 1 0 1 1 0 1 1 0 0 1 0 1 1 1 1 0 0 0 0 0 0 1 0 0 1 0 1 0 1 1 1 0 0 0 0 
1 1 0 1 0 1 1 0 1 1 1 1 1 1 1 1 1 1 1 1 1 1 0 0 1 1 0 1 0 0 1 0 0 1 1 1 0 0 0 1 0 1 0 0 1 1 0 1 0 0 0 1 
0 0 0 0 1 0 0 1 0 1 1 0 0 0 0 1 1 0 0 1 0 0 0 1 0 1 0 0 1 0 1 0 1 0 0 1 0 0 0 1 0 1 0 1 0 1 1 0 1 1 0 1 
0 1 1 1 1 0 0 1 1 0 1 0 1 0 0 1 0 0 1 0 1 1 1 1 0 1 1 0 0 1 1 0 1 1 0 0 1 0 0 0 1 0 0 0 0 1 1 0 1 1 0 0 
0 0 1 1 0 1 1 0 0 0 1 1 0 1 0 0 1 1 0 1 0 1 1 1 0 1 1 1 0 1 0 1 0 1 0 1 0 1 1 0 0 0 1 1 0 0 0 1 1 0 0 0 
1 1 0 0 0 0 1 0 0 1 1 0 0 1 0 1 1 1 1 0 0 0 0 1 1 1 1 0 1 1 0 0 1 1 0 1 1 0 0 1 1 1 1 1 1 0 1 1 0 0 0 0 
1 1 1 0 0 0 1 1 1 0 1 0 1 1 1 0 0 1 1 1 1 0 1 1 1 1 1 1 0 1 1 0 0 1 1 0 1 1 1 0 1 1 1 0 0 0 0 1 1 0 0 0 
1 0 0 0 0 0 0 1 1 1 0 0 1 0 1 1 0 1 0 0 1 1 0 1 0 0 0 0 1 1 1 0 1 0 0 0 1 0 1 1 0 1 0 0 1 1 0 0 0 1 0 0 
0 0 1 1 0 0 0 1 1 0 0 0 0 1 0 0 1 1 0 1 1 0 1 1 0 0 0 1 1 1 1 0 0 0 1 1 0 1 0 1 0 0 0 1 0 0 1 1 1 1 1 1 
1 0 0 0 1 0 1 1 1 0 1 1 1 1 0 1 1 0 1 1 1 0 1 0 1 1 0 1 0 1 1 1 0 1 0 0 0 1 0 0 0 0 0 1 1 1 0 0 0 1 0 1 
0 0 1 0 1 1 1 0 1 1 1 0 0 1 1 1 1 1 0 0 0 1 0 1 1 1 0 0 0 0 0 0 1 1 0 1 1 0 0 0 1 0 0 0 0 0 0 1 1 0 0 0 
0 0 1 0 0 1 0 1 1 1 1 0 1 1 1 0 1 0 0 1 0 1 1 0 0 0 1 0 0 0 1 1 0 0 0 1 0 1 1 1 0 0 1 0 0 0 0 1 0 1 1 0 
1 1 0 1 1 0 0 0 1 0 0 1 1 1 1 0 0 0 0 1 1 1 0 1 1 0 1 0 1 1 1 1 1 0 0 1 1 0 1 1 1 0 1 0 0 1 1 1 1 1 0 0 
0 0 1 1 1 1 1 1 0 0 0 0 1 0 0 0 0 1 1 0 1 1 0 0 0 0 0 1 0 0 0 1 0 0 1 0 1 1 1 0 1 1 0 1 0 1 1 1 1 1 1 0 
0 1 1 0 1 0 0 1 1 0 1 1 0 0 1 0 0 0 0 0 1 0 0 0 1 1 1 1 0 1 1 1 1 0 1 1 1 0 1 0 1 1 1 0 1 1 0 0 1 0 1 1 
1 0 1 0 1 0 1 1 1 1 1 0 1 0 0 1 1 0 1 1 0 0 1 1 0 1 0 1 1 1 1 0 1 1 1 0 1 0 1 1 0 1 1 0 1 1 0 1 1 1 0 0 
1 1 1 0 0 0 1 1 1 0 0 1 1 0 0 0 0 0 1 0 1 0 0 1 0 1 1 1 0 1 1 1 1 0 1 0 1 1 1 0 0 0 1 1 0 1 0 1 1 0 0 0 
1 0 0 0 0 0 0 0 1 1 1 1 1 0 1 0 0 1 1 0 0 1 0 0 0 1 0 1 1 1 1 0 1 0 0 1 0 0 0 1 0 0 1 1 1 1 0 1 0 1 1 0 
0 1 1 1 1 1 1 0 1 1 1 1 0 1 0 1 1 1 0 0 1 0 1 0 0 1 0 1 1 1 1 1 0 0 0 0 0 1 0 0 0 0 1 0 0 0 1 1 1 0 1 0 
0 1 0 0 1 1 0 1 1 0 1 0 1 0 0 1 0 0 1 0 0 1 1 1 0 1 0 0 0 1 1 0 1 1 0 1 0 0 1 0 0 0 1 0 1 1 0 0 0 1 1 0 
1 0 0 1 1 1 0 1 0 0 1 0 1 1 1 0 0 1 0 0 0 1 0 1 1 1 0 0 1 1 0 0 0 1 0 0 1 0 1 0 1 0 0 0 1 1 1 1 0 1 0 1 
0 0 0 1 1 0 1 0 1 1 1 1 1 0 1 1 1 0 1 1 0 1 0 1 0 1 0 1 1 0 1 1 1 0 0 0 1 0 1 1 1 1 0 0 1 0 1 1 0 0 1 1 
1 1 0 1 0 1 1 0 0 0 0 1 1 1 0 1 0 0 0 1 0 0 0 0 1 0 1 1 1 0 0 0 1 0 1 1 0 1 0 0 1 1 0 0 0 0 1 0 0 0 1 1 
0 1 1 1 0 0 0 1 0 1 1 0 1 1 0 1 0 0 0 1 0 0 1 0 0 0 0 1 1 0 0 0 0 0 1 1 1 0 1 1 0 1 1 0 0 0 0 0 1 0 0 0 
0 0 0 1 1 1 0 0 1 1 1 1 0 1 0 1 1 0 0 1 1 1 0 1 1 0 0 0 0 1 0 1 1 0 0 1 0 0 1 1 0 0 0 1 1 0 1 0 1 1 1 0 
0 0 1 0 1 0 1 0 1 1 1 1 1 1 0 0 0 0 0 0 0 0 1 0 0 1 0 1 1 1 1 0 0 1 0 0 0 1 0 1 1 1 1 0 0 0 0 0 0 0 0 0 
1 0 1 0 1 1 1 0 1 1 1 1 1 0 1 0 1 0 1 1 0 0 1 0 0 0 0 0 1 1 1 1 1 0 1 0 0 1 0 1 0 0 1 0 0 0 1 0 0 0 1 1 
1 1 0 0 0 0 1 0 1 1 0 1 1 1 1 0 0 1 1 1 1 1 0 1 0 1 1 0 0 1 1 0 1 1 0 1 0 0 1 0 0 1 1 0 0 1 1 0 0 1 0 1 
1 0 0 1 1 1 0 1 0 1 0 0 0 0 1 1 0 0 1 1 1 0 0 1 1 0 1 0 0 0 1 1 1 0 1 1 0 1 0 0 0 1 0 0 1 0 0 1 1 1 1 0 
1 1 0 0 1 0 0 1 1 0 1 1 0 1 0 0 0 1 1 0 0 0 0 0 1 0 1 0 0 1 0 0 1 1 1 0 0 1 1 1 1 1 0 0 0 1 0 0 0 0 0 1 
1 1 1 1 1 1 0 0 1 1 1 0 1 1 1 0 1 1 0 0 1 0 0 1 1 0 0 0 0 0 0 1 1 0 0 1 1 0 1 0 0 0 1 1 1 0 1 0 0 0 0 1 
0 1 1 1 1 1 1 0 0 1 0 0 1 1 1 1 1 1 0 0 0 1 0 1 0 0 1 1 0 0 0 0 1 1 0 0 0 1 0 0 0 0 1 1 1 0 0 0 0 1 1 0 
0 0 1 1 1 0 0 0 0 0 0 0 1 0 1 0 1 0 0 1 0 1 1 1 0 1 1 1 0 0 1 1 0 0 1 1 0 0 0 1 1 1 1 1 0 1 1 0 1 1 0 0 
1 0 1 1 1 0 1 1 0 0 1 0 1 0 1 0 0 1 1 0 0 1 0 1 1 1 0 0 1 1 0 1 1 0 0 0 0 0 1 0 0 0 1 1 0 0 1 0 1 0 1 1 
0 0 0 0 1 0 0 1 1 1 0 1 1 1 0 0 1 0 0 1 1 1 0 1 1 1 0 1 1 0 0 1 1 0 1 0 0 1 0 0 0 0 1 0 1 1 1 0 0 0 1 0 
1 1 0 1 0 1 0 0 0 1 0 0 1 1 1 0 1 0 1 0 0 0 0 1 1 1 0 1 0 1 0 1 0 1 1 0 0 0 1 0 0 0 1 0 1 1 0 1 0 0 1 0 
1 1 0 0 1 0 0 0 0 1 0 0 1 1 0 1 0 0 1 1 1 0 0 0 1 1 1 1 0 0 1 1 1 1 1 1 0 1 1 1 1 1 1 1 1 0 0 1 1 1 0 1 
1 1 0 1 1 1 0 1 0 0 1 1 0 0 1 1 1 1 1 1 0 1 0 1 1 0 1 0 0 1 1 0 1 1 0 0 0 1 1 1 1 0 0 0 0 1 1 0 1 1 1 1 
0 1 1 0 1 0 1 1 0 0 1 1 1 0 1 1 1 1 0 0 1 1 0 1 0 0 0 0 1 0 1 0 1 1 1 0 0 0 1 0 0 1 0 0 1 1 1 1 0 0 1 1 
0 1 1 1 0 0 1 1 0 1 1 1 1 0 0 1 0 1 1 0 0 1 0 1 1 1 1 0 0 0 1 1 1 0 1 1 1 1 0 0 0 0 1 1 0 0 1 1 0 0 0 0 
0 0 0 0 0 0 1 0 1 0 1 0 1 1 1 1 0 1 0 0 0 0 0 1 0 0 1 0 1 0 0 1 0 0 1 1 0 1 1 1 0 1 0 0 0 0 0 0 1 G 1 1 
0 0 0 0 1 1 0 1 1 0 1 0 1 1 0 0 0 1 0 1 1 0 0 0 1 0 1 0 1 0 1 1 1 1 0 1 0 0 0 0 0 0 0 1 1 0 1 0 1 0 0 1 


Controller synthesis algorithm: optimized.


***** Controlled Grid *****


0 1 0 1 1 0 0 0 1 1 2 1 0 1 2 1 2 2 1 2 2 2 2 1 2 1 1 1 2 2 2 1 1 2 1 2 1 1 1 1 1 1 2 2 2 2 1 2 1 1 2 2 
0 1 1 0 0 0 1 0 1 2 2 1 1 1 2 2 1 1 2 2 2 1 2 2 2 1 1 2 2 1 1 2 2 2 1 2 2 2 2 2 2 2 2 2 1 1 2 1 1 2 2 2 
1 1 1 1 0 1 0 1 1 1 2 2 1 2 2 1 2 2 2 1 2 2 2 2 1 1 1 1 2 2 1 2 1 1 2 1 2 2 2 2 1 2 2 1 1 1 2 1 2 2 2 2 
2 2 2 1 1 1 1 1 2 2 2 1 2 1 1 2 2 1 1 1 2 2 1 2 2 1 1 2 2 2 1 1 1 2 2 2 1 1 1 2 1 2 2 2 2 2 1 1 1 2 1 1 
2 1 1 1 1 2 1 1 2 2 2 2 2 2 1 2 2 2 1 2 2 2 1 1 2 2 1 1 2 2 1 1 1 2 1 2 1 1 1 2 2 2 2 2 1 1 2 2 2 2 2 2 
2 1 2 2 1 1 2 2 2 2 1 1 2 2 2 1 2 2 2 2 2 2 2 2 2 2 1 1 2 2 2 2 2 2 2 1 1 2 1 2 1 1 1 2 1 2 2 1 1 2 2 2 
2 2 2 1 2 1 2 2 1 1 2 1 1 1 1 2 2 2 1 1 2 1 2 1 1 2 1 2 2 2 1 1 2 1 1 2 2 1 2 1 1 1 2 1 2 1 1 2 1 2 1 2 
2 1 1 1 2 2 1 1 1 2 1 2 2 1 2 1 1 1 2 1 1 2 1 1 2 2 1 2 1 1 1 1 2 2 2 2 2 2 1 2 2 1 2 1 2 1 1 1 2 2 2 2 
1 1 2 1 2 1 1 2 1 1 1 1 1 1 1 1 1 1 1 1 1 1 2 2 1 1 2 1 2 2 1 2 2 1 1 1 2 2 2 1 2 1 2 2 1 1 2 1 2 2 2 1 
2 2 2 2 1 2 2 1 2 1 1 2 2 2 2 1 1 2 2 1 2 2 2 1 2 1 2 2 1 2 1 2 1 2 2 1 2 2 2 1 2 1 2 1 2 1 1 2 1 1 2 1 
2 1 1 1 1 2 2 1 1 2 1 2 1 2 2 1 2 2 1 2 1 1 1 1 2 1 1 2 2 1 1 2 1 1 2 2 1 2 2 2 1 2 2 2 2 1 1 2 1 1 2 2 
2 2 1 1 2 1 1 2 2 2 1 1 2 1 2 2 1 1 2 1 2 1 1 1 2 1 1 1 2 1 2 1 2 1 2 1 2 1 1 2 2 2 1 1 2 2 2 1 1 2 2 2 
1 1 2 2 2 2 1 2 2 1 1 2 2 1 2 1 1 1 1 2 2 2 2 1 1 1 1 2 1 1 2 2 1 1 2 1 1 2 2 1 1 1 1 1 1 2 1 1 2 2 2 2 
1 1 1 2 2 2 1 1 1 2 1 2 1 1 1 2 2 1 1 1 1 2 1 1 1 1 1 1 2 1 1 2 2 1 1 2 1 1 1 2 1 1 1 2 2 2 2 1 1 2 2 2 
1 2 2 2 2 2 2 1 1 1 2 2 1 2 1 1 2 1 2 2 1 1 2 1 2 2 2 2 1 1 1 2 1 2 2 2 1 2 1 1 2 1 2 2 1 1 2 2 2 1 2 2 
2 2 1 1 2 2 2 1 1 2 2 2 2 1 2 2 1 1 2 1 1 2 1 1 2 2 2 1 1 1 1 2 2 2 1 1 2 1 2 1 2 2 2 1 2 2 1 1 1 1 1 1 
1 2 2 2 1 2 1 1 1 2 1 1 1 1 2 1 1 2 1 1 1 2 1 2 1 1 2 1 2 1 1 1 2 1 2 2 2 1 2 2 2 2 2 1 1 1 2 2 2 1 2 1 
2 2 1 2 1 1 1 2 1 1 1 2 2 1 1 1 1 1 2 2 2 1 2 1 1 1 2 2 2 2 2 2 1 1 2 1 1 2 2 2 1 2 2 2 2 2 2 1 1 2 2 2 
2 2 1 2 2 1 2 1 1 1 1 2 1 1 1 2 1 2 2 1 2 1 1 2 2 2 1 2 2 2 1 1 2 2 2 1 2 1 1 1 2 2 1 2 2 2 2 1 2 1 1 2 
1 1 2 1 1 2 2 2 1 2 2 1 1 1 1 2 2 2 2 1 1 1 2 1 1 2 1 2 1 1 1 1 1 2 2 1 1 2 1 1 1 2 1 2 2 1 1 1 1 1 2 2 
2 2 1 1 1 1 1 1 2 2 2 2 1 2 2 2 2 1 1 2 1 1 2 2 2 2 2 1 2 2 2 1 2 2 1 2 1 1 1 2 1 1 2 1 2 1 1 1 1 1 1 2 
2 1 1 2 1 2 2 1 1 2 1 1 2 2 1 2 2 2 2 2 1 2 2 2 1 1 1 1 2 1 1 1 1 2 1 1 1 0 1 2 1 1 1 2 1 1 2 2 1 2 1 1 
1 2 1 2 1 2 1 1 1 1 1 2 1 2 2 1 1 2 1 1 2 2 1 1 2 1 0 1 1 1 1 0 1 1 1 2 1 0 1 1 2 1 1 2 1 1 2 1 1 1 2 2 
1 1 1 2 2 2 1 1 1 2 2 1 1 2 2 2 2 2 1 2 1 2 2 1 2 1 1 1 0 1 1 1 1 2 1 2 1 1 1 2 2 2 1 1 2 1 2 1 1 2 2 2 
1 2 2 2 2 2 2 2 1 1 1 1 1 2 1 2 2 1 1 2 2 1 2 2 2 1 2 1 1 1 1 2 1 2 2 1 2 2 2 1 2 2 1 1 1 1 2 1 2 1 1 2 
2 1 1 1 1 1 1 2 1 1 1 1 2 1 2 1 1 1 2 2 1 2 1 2 2 1 2 1 1 1 1 1 2 2 2 2 2 1 2 2 2 2 1 2 2 2 1 1 1 2 1 2 
2 1 2 2 1 1 2 1 1 2 1 2 1 2 2 1 2 2 1 2 2 1 1 1 2 1 2 2 2 1 1 2 1 1 2 1 2 2 1 2 2 2 1 2 1 1 2 2 2 1 1 2 
1 2 2 1 1 1 2 1 2 2 1 2 1 1 1 2 2 1 2 2 2 1 2 1 1 1 2 2 1 1 2 2 2 1 2 2 1 2 1 2 1 2 2 2 1 1 1 1 2 1 2 1 
2 2 2 1 1 2 1 2 1 1 1 1 1 2 1 1 1 2 1 1 2 1 2 1 2 1 2 1 1 2 1 1 1 2 2 2 1 2 1 1 1 1 2 2 1 2 1 1 2 2 1 1 
1 1 2 1 2 1 1 2 2 2 2 1 1 1 2 1 2 2 2 1 2 2 2 2 1 2 1 1 1 2 2 2 1 2 1 1 2 1 2 2 1 1 2 2 2 2 1 2 2 2 1 1 
2 1 1 1 2 2 2 1 2 1 1 2 1 1 2 1 2 2 2 1 2 2 1 2 2 2 2 1 1 2 2 2 2 2 1 1 1 2 1 1 2 1 1 2 2 2 2 2 1 2 2 2 
2 2 2 1 1 1 2 2 1 1 1 1 2 1 2 1 1 2 2 1 1 1 2 1 1 2 2 2 2 1 2 1 1 2 2 1 2 2 1 1 2 2 2 1 1 2 1 2 1 1 1 2 
2 2 1 2 1 2 1 2 1 1 1 1 1 1 2 2 2 2 2 2 2 2 1 2 2 1 2 1 1 1 1 2 2 1 2 2 2 1 2 1 1 1 1 2 2 2 2 2 2 2 2 2 
1 2 1 2 1 1 1 2 1 1 1 1 1 2 1 2 1 2 1 1 2 2 1 2 2 2 2 2 1 1 1 1 1 2 1 2 2 1 2 1 2 2 1 2 2 2 1 2 2 2 1 1 
1 1 2 2 2 2 1 2 1 1 2 1 1 1 1 2 2 1 1 1 1 1 2 1 2 1 1 2 2 1 1 0 1 1 2 1 2 2 1 2 2 1 1 2 2 1 1 2 2 1 2 1 
1 2 2 1 1 1 2 1 2 1 2 2 2 2 1 1 2 2 1 1 1 2 2 1 1 2 1 2 2 2 1 1 1 2 1 1 2 1 2 2 2 1 2 2 1 2 2 1 1 1 1 2 
1 1 2 2 1 2 2 1 1 2 1 1 2 1 2 2 2 1 1 2 2 2 2 2 1 2 1 2 2 1 2 2 1 1 1 2 2 1 1 1 1 1 2 2 2 1 2 2 2 2 2 1 
1 1 1 1 1 1 2 2 1 1 1 2 1 1 1 2 1 1 2 2 1 2 2 1 1 2 2 2 2 2 2 1 1 2 2 1 1 2 1 2 2 2 1 1 1 2 1 2 2 2 2 1 
2 1 1 1 1 1 1 2 2 1 2 2 1 1 1 1 1 1 2 2 2 1 2 1 2 2 1 1 2 2 2 2 1 1 2 2 2 1 2 2 2 2 1 1 1 2 2 2 2 1 1 2 
2 2 1 1 1 2 2 2 2 2 2 2 1 2 1 2 1 2 2 1 2 1 1 1 2 1 1 1 2 2 1 1 2 2 1 1 2 2 2 1 1 1 1 1 2 1 1 2 1 1 2 2 
1 2 1 1 1 2 1 1 2 2 1 2 1 2 1 2 2 1 1 2 2 1 2 1 1 1 2 2 1 1 2 1 1 2 2 2 2 2 1 2 2 2 1 1 2 2 1 2 1 2 1 1 
2 2 2 2 1 2 2 1 1 1 2 1 1 1 2 2 1 2 2 1 1 1 2 1 1 1 2 1 1 2 2 1 1 2 1 2 2 1 2 2 2 2 1 2 1 1 1 2 2 2 1 2 
1 1 2 1 2 1 2 2 2 1 2 2 1 1 1 2 1 2 1 2 2 2 2 1 1 1 2 1 2 1 2 1 2 1 1 2 2 2 1 2 2 2 1 2 1 1 2 1 2 2 1 2 
1 1 2 2 1 2 2 2 2 1 2 2 1 1 2 1 2 2 1 1 1 2 2 2 1 1 1 1 2 2 1 1 1 1 1 1 2 1 1 1 1 1 1 1 1 2 2 1 1 1 2 1 
1 1 2 1 1 1 2 1 2 2 1 1 2 2 1 1 1 1 1 1 2 1 2 1 1 2 1 2 2 1 1 0 1 1 2 2 2 1 1 1 1 2 2 2 2 1 1 2 1 1 1 1 
2 1 1 2 1 2 1 1 2 2 1 1 1 2 1 1 1 1 2 2 1 1 2 1 2 2 2 2 1 2 1 0 1 1 1 2 2 2 1 2 2 1 2 2 1 1 1 1 2 2 1 1 
2 1 1 1 2 2 1 1 2 1 1 1 1 2 2 1 0 1 1 2 2 1 2 1 1 1 1 2 2 2 1 1 1 0 1 1 1 1 2 2 2 2 1 1 2 2 1 1 2 2 2 2 
2 2 2 2 2 2 1 2 1 2 1 0 1 1 1 1 0 1 2 2 2 2 2 1 2 2 1 2 1 2 2 1 0 0 1 1 2 1 1 1 2 1 2 2 2 2 2 2 1 G 1 1 
2 2 2 2 1 1 2 1 1 2 1 0 1 1 0 0 0 1 2 1 1 2 2 2 1 2 1 2 1 2 1 1 1 1 0 1 2 2 2 2 2 2 2 1 1 2 1 2 1 2 2 1 


Controlled states of generated controller:

[(0, 10), (1, 10), (2, 11), (3, 12), (4, 13), (5, 14), (4, 15), (3, 16), (4, 17), (5, 18), (5, 19), (6, 20), (7, 21), (8, 22), (9, 21), (9, 20), (10, 19), (11, 20), (12, 21), (13, 21), (14, 22), (15, 21), (16, 21), (17, 22), (18, 23), (19, 22), (20, 22), (21, 21), (22, 20), (23, 19), (24, 19), (25, 19), (26, 20), (27, 20), (28, 20), (29, 21), (28, 22), (29, 23), (30, 24), (31, 25), (32, 26), (33, 27), (34, 28), (35, 29), (36, 30), (37, 30), (38, 31), (39, 32), (39, 33), (40, 34), (41, 35), (42, 36), (43, 36), (44, 36), (45, 37), (46, 38), (46, 39), (47, 40), (48, 41), (48, 42), (47, 43), (47, 44), (46, 45), (47, 46), (47, 47), (46, 48), (47, 49), (0, 14), (1, 15), (2, 16), (0, 16), (0, 17), (1, 18), (1, 19), (2, 20), (3, 20), (4, 20), (0, 19), (1, 20), (4, 19), (0, 20), (0, 21), (0, 22), (1, 22), (2, 21), (0, 24), (1, 23), (2, 22), (3, 21), (0, 28), (1, 28), (2, 28), (3, 27), (4, 28), (5, 28), (6, 27), (7, 27), (8, 26), (9, 27), (10, 28), (11, 28), (12, 27), (13, 28), (14, 27), (15, 26), (16, 26), (17, 26), (18, 25), (19, 25), (20, 24), (20, 23), (21, 22), (22, 21), (23, 21), (24, 20), (0, 29), (0, 30), (0, 33), (1, 33), (2, 34), (3, 33), (4, 33), (5, 32), (5, 31), (5, 30), (5, 29), (6, 28), (0, 35), (1, 35), (0, 42), (1, 41), (2, 41), (3, 41), (4, 40), (5, 39), (6, 38), (7, 37), (8, 36), (9, 36), (10, 35), (11, 34), (12, 34), (13, 35), (14, 34), (15, 33), (16, 32), (17, 31), (17, 30), (17, 29), (18, 28), (19, 27), (20, 26), (0, 43), (1, 42), (0, 44), (1, 43), (2, 42), (0, 45), (0, 47), (1, 46), (0, 50), (1, 49), (2, 48), (3, 49), (4, 48), (4, 47), (4, 46), (5, 45), (6, 44), (7, 44), (8, 43), (9, 42), (10, 41), (11, 40), (11, 39), (12, 38), (12, 37), (11, 36), (0, 51), (1, 50), (2, 49), (1, 9), (1, 14), (1, 24), (2, 23), (3, 24), (4, 24), (5, 23), (6, 22), (1, 27), (1, 31), (1, 32), (1, 36), (2, 36), (3, 35), (4, 35), (5, 34), (6, 35), (7, 36), (1, 37), (7, 35), (1, 38), (2, 39), (3, 39), (4, 39), (1, 39), (1, 40), (1, 51), (2, 50), (2, 10), (2, 13), (2, 14), (3, 15), (2, 17), (2, 18), (2, 29), (3, 28), (2, 31), (2, 37), (2, 38), (2, 46), (3, 45), (3, 44), (3, 43), (4, 42), (2, 51), (3, 0), (4, 0), (5, 0), (6, 1), (6, 2), (5, 3), (6, 4), (7, 4), (8, 4), (9, 5), (10, 5), (11, 4), (12, 3), (13, 3), (14, 3), (15, 4), (16, 3), (17, 3), (18, 4), (19, 5), (18, 6), (19, 7), (20, 8), (20, 9), (19, 10), (20, 11), (21, 12), (22, 13), (23, 13), (24, 13), (25, 14), (26, 14), (27, 15), (27, 16), (26, 17), (27, 18), (27, 19), (3, 1), (3, 2), (3, 8), (4, 8), (5, 7), (6, 6), (7, 5), (3, 9), (3, 10), (3, 23), (3, 29), (3, 34), (3, 42), (4, 5), (5, 6), (4, 9), (4, 10), (4, 11), (4, 12), (4, 16), (4, 21), (5, 20), (4, 25), (5, 25), (6, 25), (7, 25), (4, 29), (4, 41), (4, 43), (4, 49), (5, 49), (6, 49), (7, 48), (8, 48), (9, 47), (10, 47), (11, 46), (12, 45), (13, 44), (14, 43), (15, 42), (16, 41), (15, 40), (16, 39), (15, 38), (14, 37), (15, 36), (16, 35), (17, 34), (18, 33), (18, 32), (4, 50), (4, 51), (5, 50), (5, 2), (5, 8), (5, 9), (5, 12), (5, 13), (5, 16), (5, 17), (5, 21), (5, 22), (5, 24), (5, 33), (6, 32), (7, 32), (8, 31), (9, 31), (10, 31), (11, 30), (12, 31), (13, 31), (14, 31), (15, 31), (5, 37), (6, 36), (5, 43), (5, 46), (5, 51), (6, 51), (7, 50), (8, 49), (6, 0), (6, 7), (6, 10), (6, 15), (6, 16), (6, 17), (6, 29), (6, 42), (7, 42), (8, 42), (6, 47), (7, 0), (7, 9), (7, 11), (7, 12), (7, 14), (7, 18), (7, 24), (8, 23), (7, 33), (8, 32), (7, 34), (7, 39), (8, 38), (8, 37), (7, 40), (7, 49), (7, 51), (8, 50), (8, 2), (9, 1), (10, 0), (11, 1), (12, 2), (14, 4), (8, 7), (9, 6), (8, 28), (8, 29), (9, 29), (8, 40), (8, 46), (9, 0), (9, 2), (9, 3), (9, 8), (9, 11), (9, 12), (9, 13), (10, 14), (11, 15), (10, 16), (10, 17), (11, 18), (12, 19), (12, 20), (9, 14), (9, 17), (9, 18), (9, 22), (9, 24), (9, 26), (10, 27), (9, 33), (10, 34), (9, 34), (9, 37), (9, 38), (10, 37), (9, 40), (10, 39), (9, 44), (10, 43), (9, 50), (10, 6), (10, 9), (11, 8), (12, 8), (13, 9), (14, 10), (13, 11), (12, 12), (11, 12), (10, 13), (10, 11), (10, 24), (10, 38), (10, 42), (10, 44), (11, 45), (10, 50), (11, 49), (12, 48), (13, 49), (14, 48), (14, 47), (14, 46), (15, 45), (15, 44), (10, 51), (11, 50), (12, 49), (11, 0), (11, 7), (11, 9), (11, 14), (11, 24), (11, 32), (11, 41), (11, 44), (11, 51), (12, 50), (12, 4), (12, 5), (13, 4), (12, 7), (12, 11), (12, 14), (12, 22), (12, 30), (15, 32), (12, 51), (13, 5), (13, 15), (13, 16), (13, 32), (13, 39), (14, 40), (13, 43), (14, 42), (15, 41), (13, 45), (13, 46), (13, 50), (13, 51), (14, 50), (14, 1), (15, 1), (16, 2), (14, 2), (14, 5), (14, 6), (14, 11), (14, 13), (15, 14), (15, 15), (14, 16), (14, 18), (15, 18), (16, 17), (17, 18), (18, 18), (19, 18), (20, 19), (21, 19), (14, 19), (14, 24), (15, 24), (16, 23), (14, 25), (14, 26), (14, 33), (14, 35), (14, 51), (15, 0), (15, 5), (15, 6), (16, 5), (15, 9), (15, 10), (15, 11), (15, 12), (15, 25), (16, 1), (16, 9), (16, 14), (16, 28), (17, 27), (16, 34), (16, 36), (16, 38), (17, 37), (16, 40), (16, 42), (16, 46), (17, 45), (17, 44), (18, 43), (17, 42), (16, 47), (17, 46), (18, 45), (19, 44), (16, 48), (16, 50), (17, 49), (17, 0), (17, 1), (17, 7), (17, 11), (18, 11), (17, 12), (17, 19), (17, 20), (17, 28), (18, 27), (17, 38), (17, 39), (17, 41), (17, 43), (17, 50), (17, 51), (18, 0), (18, 1), (19, 2), (18, 3), (18, 15), (19, 16), (18, 17), (18, 20), (18, 24), (18, 29), (18, 34), (19, 33), (18, 36), (18, 40), (18, 41), (18, 44), (18, 46), (18, 48), (18, 51), (19, 6), (19, 9), (19, 15), (20, 16), (21, 17), (21, 18), (19, 17), (19, 34), (19, 37), (19, 41), (19, 43), (20, 42), (19, 50), (19, 51), (20, 0), (20, 1), (20, 10), (20, 13), (21, 13), (20, 14), (20, 15), (21, 16), (22, 17), (20, 25), (20, 28), (20, 29), (20, 30), (20, 32), (20, 33), (20, 35), (20, 39), (21, 39), (22, 40), (23, 41), (24, 41), (25, 41), (26, 41), (27, 42), (28, 42), (29, 42), (30, 43), (31, 42), (32, 43), (33, 43), (34, 43), (35, 43), (36, 44), (37, 45), (38, 46), (39, 47), (40, 47), (41, 47), (42, 46), (43, 46), (44, 47), (45, 48), (46, 49), (20, 44), (21, 43), (20, 51), (21, 0), (21, 3), (22, 3), (23, 4), (23, 5), (24, 6), (25, 7), (26, 6), (27, 6), (28, 7), (29, 7), (30, 6), (31, 7), (32, 7), (33, 7), (34, 7), (35, 8), (36, 9), (35, 10), (35, 11), (36, 12), (35, 13), (36, 14), (36, 15), (35, 16), (34, 16), (33, 17), (32, 18), (32, 19), (32, 20), (33, 21), (34, 22), (33, 23), (34, 24), (35, 25), (36, 25), (37, 26), (36, 27), (37, 28), (38, 29), (21, 5), (22, 5), (21, 6), (21, 9), (21, 15), (21, 23), (21, 28), (21, 33), (21, 46), (22, 46), (23, 46), (24, 46), (25, 45), (25, 44), (26, 43), (21, 47), (21, 49), (22, 50), (23, 49), (24, 48), (25, 49), (26, 48), (27, 48), (28, 48), (29, 47), (30, 46), (31, 45), (32, 44), (22, 1), (22, 11), (22, 14), (22, 24), (23, 24), (24, 23), (24, 22), (25, 21), (22, 35), (23, 35), (24, 36), (24, 37), (24, 38), (25, 39), (26, 40), (27, 41), (29, 43), (22, 43), (22, 51), (23, 51), (24, 51), (25, 51), (26, 51), (27, 50), (28, 49), (29, 48), (30, 47), (31, 47), (32, 46), (33, 45), (34, 44), (23, 3), (24, 4), (23, 9), (23, 10), (23, 14), (23, 15), (24, 15), (23, 16), (23, 17), (23, 22), (23, 33), (24, 34), (25, 35), (26, 36), (27, 37), (28, 37), (29, 38), (29, 39), (30, 40), (31, 41), (23, 39), (24, 40), (23, 40), (23, 44), (23, 50), (24, 1), (24, 2), (24, 3), (24, 5), (24, 7), (24, 16), (24, 24), (25, 23), (24, 26), (25, 26), (26, 26), (27, 26), (28, 26), (29, 25), (24, 31), (25, 32), (25, 33), (26, 34), (27, 35), (28, 35), (29, 36), (24, 33), (25, 0), (25, 12), (26, 13), (25, 18), (26, 19), (25, 24), (25, 34), (25, 36), (26, 37), (25, 38), (25, 40), (25, 43), (26, 0), (26, 2), (27, 1), (26, 3), (26, 9), (27, 8), (26, 11), (26, 16), (26, 24), (26, 27), (26, 28), (27, 27), (26, 31), (27, 32), (28, 33), (27, 34), (26, 39), (26, 46), (26, 47), (27, 2), (27, 9), (27, 11), (27, 22), (27, 30), (27, 31), (27, 39), (27, 43), (28, 0), (28, 1), (28, 2), (28, 5), (29, 4), (30, 5), (31, 6), (28, 13), (29, 14), (30, 14), (31, 14), (32, 15), (32, 16), (32, 17), (31, 18), (28, 17), (28, 24), (28, 29), (29, 30), (29, 31), (30, 32), (31, 33), (32, 34), (33, 35), (34, 36), (35, 36), (36, 36), (37, 37), (38, 38), (37, 39), (38, 40), (37, 41), (36, 42), (28, 34), (28, 43), (28, 45), (29, 44), (29, 2), (29, 8), (30, 8), (29, 9), (29, 10), (29, 16), (30, 17), (29, 17), (30, 18), (29, 18), (29, 20), (29, 22), (29, 29), (30, 30), (29, 33), (29, 45), (30, 44), (29, 49), (30, 50), (31, 51), (32, 50), (33, 49), (34, 50), (35, 51), (36, 50), (37, 49), (38, 48), (30, 0), (31, 1), (31, 2), (32, 3), (33, 3), (34, 4), (34, 5), (35, 6), (30, 4), (30, 11), (30, 16), (30, 20), (30, 21), (30, 23), (30, 25), (31, 26), (30, 26), (30, 29), (30, 31), (30, 33), (31, 34), (32, 35), (33, 36), (30, 37), (30, 45), (30, 49), (30, 51), (31, 0), (32, 1), (33, 1), (34, 2), (31, 12), (31, 17), (31, 22), (31, 27), (31, 28), (31, 30), (31, 36), (31, 37), (31, 40), (32, 0), (32, 5), (32, 14), (33, 15), (32, 21), (32, 23), (32, 24), (32, 31), (32, 32), (32, 36), (32, 38), (33, 38), (34, 37), (32, 45), (33, 44), (32, 47), (33, 47), (34, 47), (35, 46), (36, 46), (32, 48), (32, 49), (33, 48), (32, 51), (33, 13), (33, 20), (33, 24), (33, 25), (33, 26), (33, 33), (33, 40), (34, 39), (35, 38), (33, 41), (34, 3), (34, 10), (34, 15), (34, 27), (34, 34), (34, 40), (34, 48), (35, 1), (35, 2), (35, 12), (35, 17), (35, 21), (35, 22), (35, 27), (36, 28), (37, 29), (35, 28), (35, 33), (35, 39), (35, 40), (35, 42), (35, 45), (36, 2), (36, 3), (36, 5), (36, 6), (37, 7), (38, 8), (39, 9), (38, 10), (37, 11), (36, 16), (36, 19), (36, 20), (36, 21), (36, 22), (36, 23), (36, 31), (36, 35), (36, 43), (36, 47), (37, 47), (36, 48), (36, 49), (37, 48), (38, 47), (37, 6), (37, 15), (37, 18), (37, 19), (37, 21), (37, 22), (37, 25), (37, 27), (37, 33), (38, 34), (37, 34), (42, 35), (37, 40), (37, 50), (38, 51), (39, 50), (40, 49), (41, 48), (38, 0), (39, 1), (40, 1), (41, 2), (41, 3), (42, 4), (41, 5), (41, 6), (42, 7), (43, 8), (44, 9), (43, 10), (43, 11), (44, 12), (44, 13), (43, 14), (42, 15), (41, 15), (40, 16), (39, 17), (38, 18), (38, 7), (38, 11), (38, 19), (38, 20), (38, 22), (38, 24), (38, 25), (38, 28), (38, 30), (38, 35), (39, 36), (40, 35), (38, 36), (38, 39), (38, 41), (38, 45), (39, 0), (39, 5), (39, 6), (39, 7), (39, 8), (39, 10), (39, 11), (39, 13), (40, 13), (41, 14), (39, 15), (39, 18), (39, 20), (39, 24), (39, 28), (39, 29), (39, 37), (39, 38), (39, 44), (39, 51), (40, 5), (40, 8), (40, 9), (40, 11), (40, 15), (40, 19), (40, 20), (40, 22), (41, 22), (42, 21), (42, 20), (42, 19), (41, 18), (40, 26), (40, 27), (40, 30), (40, 33), (40, 36), (40, 37), (41, 36), (40, 39), (41, 38), (42, 37), (40, 40), (40, 41), (41, 40), (42, 39), (40, 44), (40, 45), (41, 0), (41, 1), (42, 2), (41, 10), (42, 11), (41, 17), (41, 26), (41, 29), (41, 30), (41, 33), (41, 39), (41, 41), (41, 43), (41, 49), (42, 48), (41, 51), (42, 51), (43, 50), (42, 49), (42, 6), (42, 8), (42, 10), (42, 17), (42, 22), (43, 21), (42, 26), (42, 28), (42, 30), (42, 32), (42, 40), (42, 41), (42, 43), (43, 2), (43, 3), (43, 5), (43, 6), (43, 7), (43, 16), (43, 17), (43, 22), (43, 23), (44, 22), (43, 28), (43, 29), (43, 45), (44, 2), (44, 6), (44, 8), (44, 20), (44, 25), (45, 26), (44, 27), (44, 28), (44, 34), (45, 35), (44, 35), (44, 41), (44, 42), (45, 43), (46, 44), (44, 43), (44, 44), (45, 0), (46, 0), (47, 1), (48, 2), (47, 3), (46, 4), (45, 5), (45, 3), (45, 8), (45, 9), (45, 13), (45, 18), (45, 19), (45, 22), (45, 24), (45, 25), (45, 27), (45, 29), (45, 36), (45, 39), (45, 40), (46, 41), (47, 42), (45, 42), (45, 49), (46, 5), (46, 8), (46, 13), (46, 14), (46, 19), (46, 20), (46, 22), (46, 27), (46, 28), (46, 29), (46, 40), (46, 50), (46, 51), (47, 0), (47, 2), (47, 4), (47, 5), (48, 6), (47, 7), (47, 9), (47, 18), (47, 19), (47, 20), (47, 21), (47, 22), (47, 24), (48, 23), (47, 25), (47, 27), (47, 29), (47, 30), (47, 36), (48, 37), (48, 38), (48, 39), (47, 45), (48, 0), (48, 1), (48, 3), (48, 9), (48, 18), (48, 21), (48, 22), (48, 25), (48, 27), (48, 29), (48, 36), (48, 40), (48, 45), (48, 47), (48, 49), (48, 50)]



***** STATISTICS *****

Empty cells: 1281.
Cells with obstacles: 1267
Controllable cells: 1249.
Processed cells: 615.

Execution time: 1.338617735836241 hour 20.31706415017446 min 19.02384901046753 sec.
RAM usage: 15.75390625 MB
